No state file found — running full historical bootstrap
Fetching event list from ufcstats.com...
Found 773 events to process
[1/773] UFC 2: No Way Out (1994-03-11)  15 fights
[2/773] UFC 3: The American Dream (1994-09-09)  6 fights
[3/773] UFC 4: Revenge of the Warriors (1994-12-16)  10 fights
[4/773] UFC 5: The Return of the Beast (1995-04-07)    WARNING: unknown method 'Other 2' in UFC 5: The Return of the Beast — skipping fight Ken Shamrock vs Royce Gracie
9 fights
[5/773] UFC 6: Clash of the Titans (1995-07-14)  10 fights
[6/773] UFC 7: The Brawl in Buffalo (1995-09-08)    WARNING: unknown method 'Other 2' in UFC 7: The Brawl in Buffalo — skipping fight Ken Shamrock vs Oleg Taktarov
10 fights
[7/773] UFC - Ultimate Ultimate '95 (1995-12-16)  9 fights
[8/773] UFC 8: David vs Goliath (1996-02-16)  9 fights
[9/773] UFC 9: Motor City Madness (1996-05-17)  7 fights
[10/773] UFC 10: The Tournament (1996-07-12)  9 fights
[11/773] UFC 11: The Proving Ground (1996-09-20)  8 fights
[12/773] UFC - Ultimate Ultimate '96 (1996-12-07)  10 fights
[13/773] UFC 12: Judgement Day (1997-02-07)  9 fights
[14/773] UFC 13: The Ultimate Force (1997-05-30)  9 fights
[15/773] UFC 14: Showdown (1997-07-27)  9 fights
[16/773] UFC 15: Collision Course (1997-10-17)  7 fights
[17/773] UFC - Ultimate Japan (1997-12-21)  7 fights
[18/773] UFC 16: Battle in the Bayou (1998-03-13)  8 fights
[19/773] UFC 17: Redemption (1998-05-15)  9 fights
[20/773] UFC - Ultimate Brazil (1998-10-16)  8 fights
[21/773] UFC 18: The Road to the Heavyweight Title (1999-01-08)  7 fights
[22/773] UFC 19: Ultimate Young Guns (1999-03-05)  7 fights
[23/773] UFC 20: Battle for the Gold (1999-05-07)  7 fights
[24/773] UFC 21: Return of the Champions (1999-07-16)  8 fights
[25/773] UFC 22: Only One Can be Champion (1999-09-24)  8 fights
[26/773] UFC 23: Ultimate Japan 2 (1999-11-19)  7 fights
[27/773] UFC 24: First Defense (2000-03-10)  7 fights
[28/773] UFC 25: Ultimate Japan 3 (2000-04-14)  6 fights
[29/773] UFC 26: Ultimate Field Of Dreams (2000-06-09)  8 fights
[30/773] UFC 27: Ultimate Bad Boyz (2000-09-22)  8 fights
[31/773] UFC 28: High Stakes (2000-11-17)  7 fights
[32/773] UFC 29: Defense of the Belts (2000-12-16)  7 fights
[33/773] UFC 30: Battle on the Boardwalk (2001-02-23)  8 fights
[34/773] UFC 31: Locked and Loaded (2001-05-04)  8 fights
[35/773] UFC 32: Showdown in the Meadowlands (2001-06-29)  8 fights
[36/773] UFC 33: Victory in Vegas (2001-09-28)  8 fights
[37/773] UFC 34: High Voltage (2001-11-02)  8 fights
[38/773] UFC 35: Throwdown (2002-01-11)  8 fights
[39/773] UFC 36: Worlds Collide (2002-03-22)  8 fights
[40/773] UFC 37: High Impact (2002-05-10)  8 fights
[41/773] UFC 37.5: As Real As It Gets (2002-06-22)  6 fights
[42/773] UFC 38: Brawl at the Hall (2002-07-13)  7 fights
[43/773] UFC 39: The Warriors Return (2002-09-27)  8 fights
[44/773] UFC 40: Vendetta (2002-11-22)  8 fights
[45/773] UFC 41: Onslaught (2003-02-28)  8 fights
[46/773] UFC 42: Sudden Impact (2003-04-25)  8 fights
[47/773] UFC 43: Meltdown (2003-06-06)  8 fights
[48/773] UFC 44: Undisputed (2003-09-26)  9 fights
[49/773] UFC 45: Revolution (2003-11-21)  8 fights
[50/773] UFC 46: Supernatural (2004-01-31)  8 fights
[51/773] UFC 47: It's On! (2004-04-02)  8 fights
[52/773] UFC 48: Payback (2004-06-19)  8 fights
[53/773] UFC 49: Unfinished Business (2004-08-21)  8 fights
[54/773] UFC 50: The War Of '04 (2004-10-22)  7 fights
[55/773] UFC 51: Super Saturday (2005-02-05)  9 fights
[56/773] The Ultimate Fighter: Team Couture vs. Team Liddell Finale (2005-04-09)  9 fights
[57/773] UFC 52: Couture vs Liddell 2 (2005-04-16)  8 fights
[58/773] UFC 53: Heavy Hitters (2005-06-04)  8 fights
[59/773] UFC Fight Night 1 (2005-08-06)  8 fights
[60/773] UFC 54: Boiling Point (2005-08-20)  8 fights
[61/773] UFC Fight Night 2 (2005-10-03)  7 fights
[62/773] UFC 55: Fury (2005-10-07)  8 fights
[63/773] The Ultimate Fighter: Team Hughes vs. Team Franklin Finale (2005-11-05)  7 fights
[64/773] UFC 56: Full Force (2005-11-19)  8 fights
[65/773] UFC Fight Night 3 (2006-01-16)  8 fights
[66/773] UFC 57: Liddell vs Couture 3 (2006-02-04)  9 fights
[67/773] UFC 58: USA vs Canada (2006-03-04)  8 fights
[68/773] UFC Fight Night 4 (2006-04-06)  9 fights
[69/773] UFC 59: Reality Check (2006-04-15)  9 fights
[70/773] UFC 60: Hughes vs Gracie (2006-05-27)  9 fights
[71/773] The Ultimate Fighter: Team Ortiz vs. Team Shamrock Finale (2006-06-24)  9 fights
[72/773] UFC Fight Night 5 (2006-06-28)  9 fights
[73/773] UFC 61: Bitter Rivals (2006-07-08)  9 fights
[74/773] UFC Fight Night 6 (2006-08-17)  9 fights
[75/773] UFC 62: Liddell vs Sobral (2006-08-26)  9 fights
[76/773] UFC 63: Hughes vs Penn (2006-09-23)  9 fights
[77/773] Ortiz vs Shamrock 3: The Final Chapter (2006-10-10)  9 fights
[78/773] UFC 64: Unstoppable (2006-10-14)  8 fights
[79/773] The Ultimate Fighter: The Comeback Finale (2006-11-11)  8 fights
[80/773] UFC 65: Bad Intentions (2006-11-18)  9 fights
[81/773] UFC Fight Night: Sanchez vs Riggs (2006-12-13)  9 fights
[82/773] UFC 66: Liddell vs Ortiz 2 (2006-12-30)  9 fights
[83/773] UFC Fight Night: Evans vs Salmon (2007-01-25)  8 fights
[84/773] UFC 67: All or Nothing (2007-02-03)  9 fights
[85/773] UFC 68: The Uprising (2007-03-03)  9 fights
[86/773] UFC Fight Night: Stevenson vs Guillard (2007-04-05)  9 fights
[87/773] UFC 69: Shootout (2007-04-07)  9 fights
[88/773] UFC 70: Nations Collide (2007-04-21)  10 fights
[89/773] UFC 71: Liddell vs Jackson (2007-05-26)  9 fights
[90/773] UFC Fight Night: Stout vs Fisher (2007-06-12)  9 fights
[91/773] UFC 72: Victory (2007-06-16)  8 fights
[92/773] The Ultimate Fighter: Team Pulver vs. Team Penn Finale (2007-06-23)  9 fights
[93/773] UFC 73: Stacked (2007-07-07)  9 fights
[94/773] UFC 74: Respect (2007-08-25)  9 fights
[95/773] UFC 75: Champion vs Champion (2007-09-08)  9 fights
[96/773] UFC Fight Night: Thomas vs Florian (2007-09-19)  9 fights
[97/773] UFC 76: Knockout (2007-09-22)  9 fights
[98/773] UFC 77: Hostile Territory (2007-10-20)  9 fights
[99/773] UFC 78: Validation (2007-11-17)  9 fights
[100/773] The Ultimate Fighter: Team Hughes vs. Team Serra Finale (2007-12-08)  9 fights
[101/773] UFC 79: Nemesis (2007-12-29)  10 fights
[102/773] UFC 80: Rapid Fire (2008-01-19)  9 fights
[103/773] UFC Fight Night: Swick vs Burkman (2008-01-23)  9 fights
[104/773] UFC 81: Breaking Point (2008-02-02)  9 fights
[105/773] UFC 82: Pride of a Champion (2008-03-01)  10 fights
[106/773] UFC Fight Night: Florian vs Lauzon (2008-04-02)  12 fights
[107/773] UFC 83: Serra vs St-Pierre 2 (2008-04-19)  11 fights
[108/773] UFC 84: Ill Will (2008-05-24)  11 fights
[109/773] UFC 85: Bedlam (2008-06-07)  11 fights
[110/773] The Ultimate Fighter: Team Rampage vs Team Forrest Finale (2008-06-21)  10 fights
[111/773] UFC 86: Jackson vs Griffin (2008-07-05)  9 fights
[112/773] UFC: Silva vs Irvin (2008-07-19)  11 fights
[113/773] UFC 87: Seek And Destroy (2008-08-09)  10 fights
[114/773] UFC 88: Breakthrough (2008-09-06)  9 fights
[115/773] UFC Fight Night: Diaz vs Neer (2008-09-17)  10 fights
[116/773] UFC 89: Bisping vs Leben (2008-10-18)  11 fights
[117/773] UFC 90: Silva vs Cote (2008-10-25)  10 fights
[118/773] UFC 91: Couture vs Lesnar (2008-11-15)  9 fights
[119/773] UFC Fight Night - Fight for the Troops (2008-12-10)  10 fights
[120/773] The Ultimate Fighter: Team Nogueira vs. Team Mir Finale (2008-12-13)  10 fights
[121/773] UFC 92: The Ultimate 2008 (2008-12-27)  10 fights
[122/773] UFC 93: Franklin vs Henderson (2009-01-17)  10 fights
[123/773] UFC 94: St-Pierre vs Penn 2 (2009-01-31)  10 fights
[124/773] UFC Fight Night: Lauzon vs Stephens (2009-02-07)  10 fights
[125/773] UFC 95: Sanchez vs Stevenson (2009-02-21)  10 fights
[126/773] UFC 96: Jackson vs Jardine (2009-03-07)  10 fights
[127/773] UFC Fight Night: Condit vs Kampmann (2009-04-01)  11 fights
[128/773] UFC 97: Redemption (2009-04-18)  12 fights
[129/773] UFC 98: Evans vs Machida (2009-05-23)  11 fights
[130/773] UFC 99: The Comeback (2009-06-13)  12 fights
[131/773] The Ultimate Fighter: United States vs. United Kingdom Finale (2009-06-20)  10 fights
[132/773] UFC 100 (2009-07-11)  11 fights
[133/773] UFC 101: Declaration (2009-08-08)  11 fights
[134/773] UFC 102: Couture vs Nogueira (2009-08-29)  11 fights
[135/773] UFC Fight Night: Diaz vs Guillard (2009-09-16)  10 fights
[136/773] UFC 103: Franklin vs Belfort (2009-09-19)  13 fights
[137/773] UFC 104: Machida vs Shogun (2009-10-24)  11 fights
[138/773] UFC 105: Couture vs Vera (2009-11-14)  11 fights
[139/773] UFC 106: Ortiz vs Griffin 2 (2009-11-21)  10 fights
[140/773] The Ultimate Fighter: Heavyweights Finale (2009-12-05)  10 fights
[141/773] UFC 107: Penn vs Sanchez (2009-12-12)  11 fights
[142/773] UFC 108: Evans vs Silva (2010-01-02)  10 fights
[143/773] UFC Fight Night: Maynard vs Diaz (2010-01-11)  11 fights
[144/773] UFC 109: Relentless (2010-02-06)  11 fights
[145/773] UFC 110: Nogueira vs Velasquez (2010-02-20)  9 fights
[146/773] UFC Live: Vera vs Jones (2010-03-21)  11 fights
[147/773] UFC 111: St-Pierre vs Hardy (2010-03-27)  10 fights
[148/773] UFC Fight Night: Florian vs Gomi (2010-03-31)  11 fights
[149/773] UFC 112: Invincible (2010-04-10)  10 fights
[150/773] UFC 113: Machida vs Shogun 2 (2010-05-08)  11 fights
[151/773] UFC 114: Rampage vs Evans (2010-05-29)  11 fights
[152/773] UFC 115: Liddell vs Franklin (2010-06-12)  11 fights
[153/773] The Ultimate Fighter: Team Liddell vs Team Ortiz Finale (2010-06-19)  10 fights
[154/773] UFC 116: Lesnar vs Carwin (2010-07-03)  11 fights
[155/773] UFC Live: Jones vs Matyushenko (2010-08-01)  10 fights
[156/773] UFC 117: Silva vs Sonnen (2010-08-07)  11 fights
[157/773] UFC 118: Edgar vs Penn 2 (2010-08-28)  10 fights
[158/773] UFC Fight Night: Marquardt vs Palhares (2010-09-15)  10 fights
[159/773] UFC 119: Mir vs Cro Cop (2010-09-25)  11 fights
[160/773] UFC 120: Bisping vs Akiyama (2010-10-16)  10 fights
[161/773] UFC 121: Lesnar vs Velasquez (2010-10-23)  11 fights
[162/773] UFC 122: Marquardt vs Okami (2010-11-13)  10 fights
[163/773] UFC 123: Rampage vs Machida (2010-11-20)  11 fights
[164/773] The Ultimate Fighter: Team GSP vs Team Koscheck Finale (2010-12-04)  11 fights
[165/773] UFC 124: St-Pierre vs Koscheck 2 (2010-12-11)  11 fights
[166/773] UFC 125: Resolution (2011-01-01)  11 fights
[167/773] UFC Fight Night: Fight for the Troops 2 (2011-01-22)  11 fights
[168/773] UFC 126: Silva vs Belfort (2011-02-05)  11 fights
[169/773] UFC 127: Penn vs Fitch (2011-02-26)  12 fights
[170/773] UFC Live: Sanchez vs Kampmann (2011-03-03)  11 fights
[171/773] UFC 128: Shogun vs Jones (2011-03-19)  12 fights
[172/773] UFC Fight Night: Nogueira vs Davis (2011-03-26)  12 fights
[173/773] UFC 129: St-Pierre vs Shields (2011-04-30)  12 fights
[174/773] UFC 130: Rampage vs Hamill (2011-05-28)  10 fights
[175/773] The Ultimate Fighter: Team Lesnar vs Team dos Santos Finale (2011-06-04)  11 fights
[176/773] UFC 131: Dos Santos vs Carwin (2011-06-11)  12 fights
[177/773] UFC Live: Kongo vs Barry (2011-06-26)  11 fights
[178/773] UFC 132: Cruz vs Faber (2011-07-02)  11 fights
[179/773] UFC 133: Evans vs Ortiz 2 (2011-08-06)  11 fights
[180/773] UFC Live: Hardy vs Lytle (2011-08-14)  12 fights
[181/773] UFC 134: Silva vs Okami (2011-08-27)  12 fights
[182/773] UFC Fight Night: Shields vs Ellenberger (2011-09-17)  12 fights
[183/773] UFC 135: Jones vs Rampage (2011-09-24)  10 fights
[184/773] UFC Live: Cruz vs Johnson (2011-10-01)  10 fights
[185/773] UFC 136: Edgar vs Maynard 3 (2011-10-08)  11 fights
[186/773] UFC 137: Penn vs Diaz (2011-10-29)  11 fights
[187/773] UFC 138: Leben vs Munoz (2011-11-05)  10 fights
[188/773] UFC on FOX: Velasquez vs Dos Santos (2011-11-12)  10 fights
[189/773] UFC 139: Shogun vs Henderson (2011-11-19)  12 fights
[190/773] The Ultimate Fighter: Team Bisping vs Team Miller Finale (2011-12-03)  10 fights
[191/773] UFC 140: Jones vs Machida (2011-12-10)  12 fights
[192/773] UFC 141: Lesnar vs Overeem (2011-12-30)  10 fights
[193/773] UFC 142: Aldo vs Mendes (2012-01-14)  10 fights
[194/773] UFC on FX: Guillard vs Miller (2012-01-20)  10 fights
[195/773] UFC on FOX: Evans vs Davis (2012-01-28)  10 fights
[196/773] UFC 143: Diaz vs Condit (2012-02-04)  11 fights
[197/773] UFC on FUEL TV: Sanchez vs Ellenberger (2012-02-15)  9 fights
[198/773] UFC 144: Edgar vs Henderson (2012-02-25)  12 fights
[199/773] UFC on FX: Alves vs Kampmann (2012-03-02)  11 fights
[200/773] UFC on FUEL TV: Gustafsson vs Silva (2012-04-14)  12 fights
[201/773] UFC 145: Jones vs Evans (2012-04-21)  12 fights
[202/773] UFC on FOX: Diaz vs Miller (2012-05-05)  12 fights
[203/773] UFC on FUEL TV: Korean Zombie vs Poirier (2012-05-15)  12 fights
[204/773] UFC 146: Dos Santos vs Mir (2012-05-26)  12 fights
[205/773] The Ultimate Fighter: Live Finale (2012-06-01)  10 fights
[206/773] UFC on FX: Johnson vs McCall (2012-06-08)  12 fights
[207/773] UFC on FX: Maynard vs Guida (2012-06-22)  12 fights
[208/773] UFC 147: Silva vs Franklin 2 (2012-06-23)  11 fights
[209/773] UFC 148: Silva vs Sonnen 2 (2012-07-07)  11 fights
[210/773] UFC on FUEL TV: Munoz vs Weidman (2012-07-11)  11 fights
[211/773] UFC 149: Faber vs Barao (2012-07-21)  11 fights
[212/773] UFC on FOX: Shogun vs Vera (2012-08-04)  10 fights
[213/773] UFC 150: Henderson vs Edgar II (2012-08-11)  10 fights
[214/773] UFC 152: Jones vs Belfort (2012-09-22)  12 fights
[215/773] UFC on FUEL TV: Struve vs Miocic (2012-09-29)  11 fights
[216/773] UFC on FX: Browne vs Bigfoot (2012-10-05)  10 fights
[217/773] UFC 153: Silva vs Bonnar (2012-10-13)  12 fights
[218/773] UFC Macao: Franklin vs Le (2012-11-10)  9 fights
[219/773] UFC 154: St-Pierre vs Condit (2012-11-17)  12 fights
[220/773] UFC on FOX: Henderson vs Diaz (2012-12-08)  11 fights
[221/773] UFC on FX: Sotiropoulos vs Pearson (2012-12-14)  10 fights
[222/773] The Ultimate Fighter: Team Carwin vs. Team Nelson Finale (2012-12-15)  11 fights
[223/773] UFC 155: Dos Santos vs Velasquez II (2012-12-29)  12 fights
[224/773] UFC on FX: Belfort vs Bisping (2013-01-19)  11 fights
[225/773] UFC on FOX: Johnson vs Dodson (2013-01-26)  11 fights
[226/773] UFC 156: Aldo vs Edgar (2013-02-02)  11 fights
[227/773] UFC on FUEL TV: Barao vs McDonald (2013-02-16)  12 fights
[228/773] UFC 157: Rousey vs Carmouche (2013-02-23)  12 fights
[229/773] UFC on FUEL TV: Silva vs. Stann (2013-03-02)  11 fights
[230/773] UFC 158: St-Pierre vs Diaz (2013-03-16)  12 fights
[231/773] UFC on FUEL TV: Mousasi vs Latifi (2013-04-06)  13 fights
[232/773] The Ultimate Fighter: Team Jones vs. Team Sonnen Finale (2013-04-13)  12 fights
[233/773] UFC on FOX: Henderson vs Melendez (2013-04-20)  12 fights
[234/773] UFC 159: Jones vs Sonnen (2013-04-27)  11 fights
[235/773] UFC on FX: Belfort vs. Rockhold (2013-05-18)  13 fights
[236/773] UFC 160: Velasquez vs Silva 2 (2013-05-25)  12 fights
[237/773] UFC on FUEL TV: Nogueira vs. Werdum (2013-06-08)  12 fights
[238/773] UFC 161: Evans vs Henderson (2013-06-15)  11 fights
[239/773] UFC 162: Silva vs Weidman (2013-07-06)  11 fights
[240/773] UFC on FOX: Johnson vs Moraga (2013-07-27)  12 fights
[241/773] UFC 163: Aldo vs Jung (2013-08-03)  12 fights
[242/773] UFC Fight Night: Shogun vs Sonnen (2013-08-17)  13 fights
[243/773] UFC Fight Night: Condit vs Kampmann 2 (2013-08-28)  12 fights
[244/773] UFC 164: Henderson vs Pettis 2 (2013-08-31)  12 fights
[245/773] UFC Fight Night: Teixeira vs Bader (2013-09-04)  11 fights
[246/773] UFC 165: Jones vs Gustafsson (2013-09-21)  13 fights
[247/773] UFC Fight Night: Maia vs Shields (2013-10-09)  10 fights
[248/773] UFC 166: Velasquez vs Dos Santos 3 (2013-10-19)  13 fights
[249/773] UFC Fight Night: Machida vs Munoz (2013-10-26)  12 fights
[250/773] UFC Fight Night: Fight for the Troops 3 (2013-11-06)  13 fights
[251/773] UFC Fight Night: Belfort vs Henderson 2 (2013-11-09)  11 fights
[252/773] UFC 167: St-Pierre vs Hendricks (2013-11-16)  12 fights
[253/773] The Ultimate Fighter: Team Rousey vs. Team Tate Finale (2013-11-30)  10 fights
[254/773] UFC Fight Night: Hunt vs Bigfoot (2013-12-06)  11 fights
[255/773] UFC on FOX: Johnson vs. Benavidez 2 (2013-12-14)  11 fights
[256/773] UFC 168: Weidman vs Silva 2 (2013-12-28)  11 fights
[257/773] UFC Fight Night: Saffiedine vs Lim (2014-01-04)  10 fights
[258/773] UFC Fight Night: Rockhold vs Philippou (2014-01-15)  12 fights
[259/773] UFC on FOX: Henderson vs Thomson (2014-01-25)  11 fights
[260/773] UFC 169: Barao vs Faber 2 (2014-02-01)  12 fights
[261/773] UFC Fight Night: Machida vs Mousasi (2014-02-15)  12 fights
[262/773] UFC 170: Rousey vs McMann (2014-02-22)  11 fights
[263/773] UFC Fight Night: Kim vs Hathaway (2014-03-01)  8 fights
[264/773] UFC Fight Night: Gustafsson vs Manuwa (2014-03-08)  9 fights
[265/773] UFC 171: Hendricks vs Lawler (2014-03-15)  13 fights
[266/773] UFC Fight Night: Shogun vs Henderson 2 (2014-03-23)  11 fights
[267/773] UFC Fight Night: Minotauro vs Nelson (2014-04-11)  8 fights
[268/773] UFC Fight Night: Bisping vs Kennedy (2014-04-16)  13 fights
[269/773] UFC on FOX: Werdum vs Browne (2014-04-19)  13 fights
[270/773] UFC 172: Jones vs Teixeira (2014-04-26)  10 fights
[271/773] UFC Fight Night: Brown vs Silva (2014-05-10)  13 fights
[272/773] UFC 173: Barao vs Dillashaw (2014-05-24)  12 fights
[273/773] UFC Fight Night: Miocic vs Maldonado (2014-05-31)  12 fights
[274/773] UFC Fight Night: Munoz vs Mousasi (2014-05-31)  10 fights
[275/773] UFC Fight Night: Henderson vs Khabilov (2014-06-07)  11 fights
[276/773] UFC 174: Johnson vs Bagautinov (2014-06-14)  11 fights
[277/773] UFC Fight Night: Swanson vs Stephens (2014-06-28)  11 fights
[278/773] UFC Fight Night: Te Huna vs Marquardt (2014-06-28)  10 fights
[279/773] UFC 175: Weidman vs Machida (2014-07-05)  10 fights
[280/773] The Ultimate Fighter: Team Edgar vs. Team Penn Finale (2014-07-06)  11 fights
[281/773] UFC Fight Night: Cowboy vs Miller (2014-07-16)  11 fights
[282/773] UFC Fight Night: McGregor vs Brandao (2014-07-19)  10 fights
[283/773] UFC on FOX: Lawler vs Brown (2014-07-26)  12 fights
[284/773] UFC Fight Night: Bader vs Saint Preux (2014-08-16)  10 fights
[285/773] UFC Fight Night: Henderson vs Dos Anjos (2014-08-23)  11 fights
[286/773] UFC Fight Night: Bisping vs Le (2014-08-23)  10 fights
[287/773] UFC 177: Dillashaw vs Soto (2014-08-30)  8 fights
[288/773] UFC Fight Night: Jacare vs Mousasi (2014-09-05)  9 fights
[289/773] UFC Fight Night: Bigfoot vs Arlovski (2014-09-13)  11 fights
[290/773] UFC Fight Night: Hunt vs Nelson (2014-09-20)  12 fights
[291/773] UFC 178: Johnson vs Cariaso (2014-09-27)  11 fights
[292/773] UFC Fight Night: MacDonald vs Saffiedine (2014-10-04)  12 fights
[293/773] UFC Fight Night: Nelson vs Story (2014-10-04)  11 fights
[294/773] UFC 179: Aldo vs Mendes 2 (2014-10-25)  11 fights
[295/773] UFC Fight Night: Rockhold vs Bisping (2014-11-07)  11 fights
[296/773] UFC Fight Night 56: Shogun vs Saint Preux (2014-11-08)  10 fights
[297/773] UFC 180: Werdum vs Hunt (2014-11-15)  11 fights
[298/773] UFC Fight Night: Edgar vs Swanson (2014-11-22)  12 fights
[299/773] UFC 181: Hendricks vs Lawler II (2014-12-06)  11 fights
[300/773] The Ultimate Fighter: A Champion Will Be Crowned Finale (2014-12-12)  11 fights
[301/773] UFC on FOX: Dos Santos vs Miocic (2014-12-13)  12 fights
[302/773] UFC Fight Night: Machida vs Dollaway (2014-12-20)  12 fights
[303/773] UFC 182: Jones vs Cormier (2015-01-03)  11 fights
[304/773] UFC Fight Night: McGregor vs Siver (2015-01-18)  12 fights
[305/773] UFC on FOX: Gustafsson vs Johnson (2015-01-24)  12 fights
[306/773] UFC 183: Silva vs Diaz (2015-01-31)  11 fights
[307/773] UFC Fight Night: Henderson vs Thatch (2015-02-14)  10 fights
[308/773] UFC Fight Night: Bigfoot vs Mir (2015-02-22)  11 fights
[309/773] UFC 184: Rousey vs Zingano (2015-02-28)  11 fights
[310/773] UFC 185: Pettis vs Dos Anjos (2015-03-14)  12 fights
[311/773] UFC Fight Night: Maia vs LaFlare (2015-03-21)  12 fights
[312/773] UFC Fight Night: Mendes vs Lamas (2015-04-04)  10 fights
[313/773] UFC Fight Night: Gonzaga vs Cro Cop 2 (2015-04-11)  12 fights
[314/773] UFC on FOX: Machida vs Rockhold (2015-04-18)  11 fights
[315/773] UFC 186: Johnson vs Horiguchi (2015-04-25)  12 fights
[316/773] UFC Fight Night: Miocic vs Hunt (2015-05-09)  12 fights
[317/773] UFC Fight Night: Edgar vs Faber (2015-05-16)  12 fights
[318/773] UFC 187: Johnson vs Cormier (2015-05-23)  11 fights
[319/773] UFC Fight Night: Condit vs Alves (2015-05-30)  12 fights
[320/773] UFC Fight Night: Boetsch vs Henderson (2015-06-06)  12 fights
[321/773] UFC 188: Velasquez vs Werdum (2015-06-13)  11 fights
[322/773] UFC Fight Night: Jedrzejczyk vs Penne (2015-06-20)  11 fights
[323/773] UFC Fight Night: Machida vs Romero (2015-06-27)  9 fights
[324/773] UFC 189: Mendes vs McGregor (2015-07-11)  11 fights
[325/773] The Ultimate Fighter: American Top Team vs. Blackzilians Finale (2015-07-12)  11 fights
[326/773] UFC Fight Night: Mir vs Duffee (2015-07-15)  12 fights
[327/773] UFC Fight Night: Bisping vs Leites (2015-07-18)  12 fights
[328/773] UFC on FOX: Dillashaw vs. Barao II (2015-07-25)  12 fights
[329/773] UFC 190: Rousey vs Correia (2015-08-01)  13 fights
[330/773] UFC Fight Night: Teixeira vs Saint Preux (2015-08-08)  13 fights
[331/773] UFC Fight Night: Holloway vs Oliveira (2015-08-23)  12 fights
[332/773] UFC 191: Johnson vs Dodson 2 (2015-09-05)  11 fights
[333/773] UFC Fight Night: Barnett vs Nelson (2015-09-26)  10 fights
[334/773] UFC 192: Cormier vs Gustafsson (2015-10-03)  12 fights
[335/773] UFC Fight Night: Holohan vs Smolka (2015-10-24)  10 fights
[336/773] UFC Fight Night: Belfort vs Henderson 3 (2015-11-07)  13 fights
[337/773] UFC 193: Rousey vs Holm (2015-11-14)  13 fights
[338/773] UFC Fight Night: Magny vs Gastelum (2015-11-21)  13 fights
[339/773] UFC Fight Night: Henderson vs Masvidal (2015-11-28)  11 fights
[340/773] UFC Fight Night: Namajunas vs. VanZant (2015-12-10)  12 fights
[341/773] The Ultimate Fighter: Team McGregor vs. Team Faber Finale (2015-12-11)  10 fights
[342/773] UFC 194: Aldo vs McGregor (2015-12-12)  12 fights
[343/773] UFC on FOX: Dos Anjos vs. Cowboy 2 (2015-12-19)  13 fights
[344/773] UFC 195: Lawler vs Condit (2016-01-02)  12 fights
[345/773] UFC Fight Night: Dillashaw vs Cruz (2016-01-17)  13 fights
[346/773] UFC on FOX: Johnson vs. Bader (2016-01-30)  13 fights
[347/773] UFC Fight Night: Hendricks vs Thompson (2016-02-06)  12 fights
[348/773] UFC Fight Night: Cowboy vs Cowboy (2016-02-21)  13 fights
[349/773] UFC Fight Night: Silva vs Bisping (2016-02-27)  13 fights
[350/773] UFC 196: McGregor vs Diaz (2016-03-05)  12 fights
[351/773] UFC Fight Night: Hunt vs Mir (2016-03-19)  12 fights
[352/773] UFC Fight Night: Rothwell vs Dos Santos (2016-04-10)  13 fights
[353/773] UFC on FOX: Teixeira vs Evans (2016-04-16)  11 fights
[354/773] UFC 197: Jones vs Saint Preux (2016-04-23)  12 fights
[355/773] UFC Fight Night: Overeem vs Arlovski (2016-05-08)  13 fights
[356/773] UFC 198: Werdum vs Miocic (2016-05-14)  12 fights
[357/773] UFC Fight Night: Almeida vs Garbrandt (2016-05-29)  12 fights
[358/773] UFC 199: Rockhold vs. Bisping 2 (2016-06-04)  13 fights
[359/773] UFC Fight Night: MacDonald vs Thompson (2016-06-18)  13 fights
[360/773] UFC Fight Night: Dos Anjos vs. Alvarez (2016-07-07)  12 fights
[361/773] The Ultimate Fighter: Team Joanna vs. Team Cláudia Finale (2016-07-08)  12 fights
[362/773] UFC 200: Tate vs Nunes (2016-07-09)  12 fights
[363/773] UFC Fight Night: McDonald vs. Lineker (2016-07-13)  12 fights
[364/773] UFC on FOX: Holm vs. Shevchenko (2016-07-23)  11 fights
[365/773] UFC 201: Lawler vs. Woodley (2016-07-30)  11 fights
[366/773] UFC Fight Night: Rodriguez vs. Caceres (2016-08-06)  12 fights
[367/773] UFC 202: Diaz vs. McGregor 2 (2016-08-20)  12 fights
[368/773] UFC on FOX: Maia vs. Condit (2016-08-27)  10 fights
[369/773] UFC Fight Night: Arlovski vs. Barnett (2016-09-03)  11 fights
[370/773] UFC 203: Miocic vs. Overeem (2016-09-10)  10 fights
[371/773] UFC Fight Night: Poirier vs. Johnson (2016-09-17)  12 fights
[372/773] UFC Fight Night: Cyborg vs. Lansberg (2016-09-24)  13 fights
[373/773] UFC Fight Night: Lineker vs. Dodson (2016-10-01)  12 fights
[374/773] UFC 204: Bisping vs. Henderson (2016-10-08)  11 fights
[375/773] UFC Fight Night: Dos Anjos vs. Ferguson (2016-11-05)  13 fights
[376/773] UFC 205: Alvarez vs McGregor (2016-11-12)  11 fights
[377/773] UFC Fight Night: Bader vs. Nogueira (2016-11-19)  12 fights
[378/773] UFC Fight Night: Mousasi vs. Hall 2 (2016-11-19)  13 fights
[379/773] UFC Fight Night: Whittaker vs. Brunson (2016-11-26)  13 fights
[380/773] The Ultimate Fighter: Tournament of Champions Finale (2016-12-03)  12 fights
[381/773] UFC Fight Night: Lewis vs. Abdurakhimov (2016-12-09)  12 fights
[382/773] UFC 206: Holloway vs. Pettis (2016-12-10)  12 fights
[383/773] UFC on FOX: VanZant vs. Waterson (2016-12-17)  13 fights
[384/773] UFC 207: Nunes vs. Rousey (2016-12-30)  10 fights
[385/773] UFC Fight Night: Rodriguez vs. Penn (2017-01-15)  12 fights
[386/773] UFC on FOX: Shevchenko vs. Pena (2017-01-28)  12 fights
[387/773] UFC Fight Night: Bermudez vs. The Korean Zombie (2017-02-04)  12 fights
[388/773] UFC 208: Holm vs. De Randamie (2017-02-11)  10 fights
[389/773] UFC Fight Night: Lewis vs. Browne (2017-02-19)  11 fights
[390/773] UFC 209: Woodley vs. Thompson 2 (2017-03-04)  11 fights
[391/773] UFC Fight Night: Belfort vs. Gastelum (2017-03-11)  12 fights
[392/773] UFC Fight Night: Manuwa vs. Anderson (2017-03-18)  11 fights
[393/773] UFC 210: Cormier vs. Johnson 2 (2017-04-08)  13 fights
[394/773] UFC on FOX: Johnson vs. Reis (2017-04-15)  13 fights
[395/773] UFC Fight Night: Swanson vs. Lobov (2017-04-22)  13 fights
[396/773] UFC 211: Miocic vs. Dos Santos (2017-05-13)  12 fights
[397/773] UFC Fight Night: Gustafsson vs. Teixeira (2017-05-28)  12 fights
[398/773] UFC 212: Aldo vs. Holloway (2017-06-03)  12 fights
[399/773] UFC Fight Night: Lewis vs. Hunt (2017-06-10)  11 fights
[400/773] UFC Fight Night: Holm vs. Correia (2017-06-17)  12 fights
[401/773] UFC Fight Night: Chiesa vs. Lee (2017-06-25)  13 fights
[402/773] The Ultimate Fighter: Redemption Finale (2017-07-07)  11 fights
[403/773] UFC 213: Romero vs. Whittaker (2017-07-08)  11 fights
[404/773] UFC Fight Night: Nelson vs. Ponzinibbio (2017-07-16)  12 fights
[405/773] UFC Fight Night: Weidman vs. Gastelum (2017-07-22)  13 fights
[406/773] UFC 214: Cormier vs. Jones 2 (2017-07-29)  12 fights
[407/773] UFC Fight Night: Pettis vs. Moreno (2017-08-05)  12 fights
[408/773] UFC Fight Night: Volkov vs. Struve (2017-09-02)  12 fights
[409/773] UFC 215: Nunes vs Shevchenko 2 (2017-09-09)  11 fights
[410/773] UFC Fight Night: Rockhold vs. Branch (2017-09-16)  10 fights
[411/773] UFC Fight Night: Saint Preux vs. Okami (2017-09-22)  10 fights
[412/773] UFC 216: Ferguson vs. Lee (2017-10-07)  11 fights
[413/773] UFC Fight Night: Cerrone vs. Till (2017-10-21)  11 fights
[414/773] UFC Fight Night: Brunson vs. Machida (2017-10-28)  12 fights
[415/773] UFC 217: Bisping vs. St-Pierre (2017-11-04)  11 fights
[416/773] UFC Fight Night: Poirier vs. Pettis (2017-11-11)  13 fights
[417/773] UFC Fight Night: Werdum vs. Tybura (2017-11-18)  13 fights
[418/773] UFC Fight Night: Bisping vs. Gastelum (2017-11-25)  12 fights
[419/773] The Ultimate Fighter: A New World Champion Finale (2017-12-01)  11 fights
[420/773] UFC 218: Holloway vs. Aldo 2 (2017-12-02)  13 fights
[421/773] UFC Fight Night: Swanson vs. Ortega (2017-12-09)  13 fights
[422/773] UFC Fight Night: Lawler vs. Dos Anjos (2017-12-16)  11 fights
[423/773] UFC 219: Cyborg vs. Holm (2017-12-30)  10 fights
[424/773] UFC Fight Night: Stephens vs. Choi (2018-01-14)  11 fights
[425/773] UFC 220: Miocic vs. Ngannou (2018-01-20)  11 fights
[426/773] UFC Fight Night: Jacare vs. Brunson 2 (2018-01-27)  12 fights
[427/773] UFC Fight Night: Machida vs. Anders (2018-02-03)  11 fights
[428/773] UFC 221: Romero vs. Rockhold (2018-02-10)  12 fights
[429/773] UFC Fight Night: Cerrone vs. Medeiros (2018-02-18)  12 fights
[430/773] UFC Fight Night: Emmett vs. Stephens (2018-02-24)  12 fights
[431/773] UFC 222: Cyborg vs. Kunitskaya (2018-03-03)  12 fights
[432/773] UFC Fight Night: Werdum vs. Volkov (2018-03-17)  10 fights
[433/773] UFC 223: Khabib vs. Iaquinta (2018-04-07)  9 fights
[434/773] UFC Fight Night: Poirier vs. Gaethje (2018-04-14)  14 fights
[435/773] UFC Fight Night: Barboza vs. Lee (2018-04-21)  11 fights
[436/773] UFC 224: Nunes vs. Pennington (2018-05-12)  13 fights
[437/773] UFC Fight Night: Maia vs. Usman (2018-05-19)  13 fights
[438/773] UFC Fight Night: Thompson vs. Till (2018-05-27)  11 fights
[439/773] UFC Fight Night: Rivera vs. Moraes (2018-06-01)  12 fights
[440/773] UFC 225: Whittaker vs. Romero 2 (2018-06-09)  13 fights
[441/773] UFC Fight Night: Cowboy vs. Edwards (2018-06-23)  13 fights
[442/773] The Ultimate Fighter: Undefeated Finale (2018-07-06)  12 fights
[443/773] UFC 226: Miocic vs. Cormier (2018-07-07)  11 fights
[444/773] UFC Fight Night: Dos Santos vs. Ivanov (2018-07-14)  13 fights
[445/773] UFC Fight Night: Shogun vs. Smith (2018-07-22)  13 fights
[446/773] UFC Fight Night: Alvarez vs. Poirier 2 (2018-07-28)  13 fights
[447/773] UFC 227: Dillashaw vs. Garbrandt 2 (2018-08-04)  12 fights
[448/773] UFC Fight Night: Gaethje vs. Vick (2018-08-25)  13 fights
[449/773] UFC 228: Woodley vs. Till (2018-09-08)  13 fights
[450/773] UFC Fight Night: Hunt vs. Oleinik (2018-09-15)  12 fights
[451/773] UFC Fight Night: Marreta vs. Anders (2018-09-22)  14 fights
[452/773] UFC 229: Khabib vs. McGregor (2018-10-06)  12 fights
[453/773] UFC Fight Night: Oezdemir vs. Smith (2018-10-27)  13 fights
[454/773] UFC 230: Cormier vs. Lewis (2018-11-03)  12 fights
[455/773] UFC Fight Night: Korean Zombie vs. Rodriguez (2018-11-10)  12 fights
[456/773] UFC Fight Night: Magny vs. Ponzinibbio (2018-11-17)  12 fights
[457/773] UFC Fight Night: Blaydes vs. Ngannou 2 (2018-11-24)  12 fights
[458/773] The Ultimate Fighter: Heavy Hitters Finale (2018-11-30)  13 fights
[459/773] UFC Fight Night: Dos Santos vs. Tuivasa (2018-12-01)  12 fights
[460/773] UFC 231: Holloway vs. Ortega (2018-12-08)  13 fights
[461/773] UFC Fight Night: Lee vs. Iaquinta (2018-12-15)  12 fights
[462/773] UFC 232: Jones vs. Gustafsson 2 (2018-12-29)  13 fights
[463/773] UFC Fight Night: Cejudo vs. Dillashaw (2019-01-19)  13 fights
[464/773] UFC Fight Night: Assuncao vs. Moraes 2 (2019-02-02)  13 fights
[465/773] UFC 234: Adesanya vs. Silva (2019-02-09)  11 fights
[466/773] UFC Fight Night: Ngannou vs. Velasquez (2019-02-17)  12 fights
[467/773] UFC Fight Night: Blachowicz vs. Santos (2019-02-23)  13 fights
[468/773] UFC 235: Jones vs. Smith (2019-03-02)  12 fights
[469/773] UFC Fight Night: Lewis vs. Dos Santos (2019-03-09)  13 fights
[470/773] UFC Fight Night: Till vs. Masvidal (2019-03-16)  12 fights
[471/773] UFC Fight Night: Thompson vs. Pettis (2019-03-23)  12 fights
[472/773] UFC Fight Night: Barboza vs. Gaethje (2019-03-30)  13 fights
[473/773] UFC 236: Holloway vs. Poirier 2 (2019-04-13)  13 fights
[474/773] UFC Fight Night: Overeem vs. Oleinik (2019-04-20)  11 fights
[475/773] UFC Fight Night: Jacare vs. Hermansson (2019-04-27)  13 fights
[476/773] UFC Fight Night: Iaquinta vs. Cowboy (2019-05-04)  12 fights
[477/773] UFC 237: Namajunas vs. Andrade (2019-05-11)  12 fights
[478/773] UFC Fight Night: Dos Anjos vs. Lee (2019-05-18)  13 fights
[479/773] UFC Fight Night: Gustafsson vs. Smith (2019-06-01)  12 fights
[480/773] UFC 238: Cejudo vs. Moraes (2019-06-08)  13 fights
[481/773] UFC Fight Night: Moicano vs. The Korean Zombie (2019-06-22)  11 fights
[482/773] UFC Fight Night: Ngannou vs. Dos Santos (2019-06-29)  12 fights
[483/773] UFC 239: Jones vs. Santos (2019-07-06)  12 fights
[484/773] UFC Fight Night: De Randamie vs. Ladd (2019-07-13)  12 fights
[485/773] UFC Fight Night: Dos Anjos vs. Edwards (2019-07-20)  13 fights
[486/773] UFC 240: Holloway vs. Edgar (2019-07-27)  11 fights
[487/773] UFC Fight Night: Covington vs. Lawler (2019-08-03)  12 fights
[488/773] UFC Fight Night: Shevchenko vs. Carmouche 2 (2019-08-10)  13 fights
[489/773] UFC 241: Cormier vs. Miocic 2 (2019-08-17)  12 fights
[490/773] UFC Fight Night: Andrade vs. Zhang (2019-08-31)  11 fights
[491/773] UFC 242: Khabib vs. Poirier (2019-09-07)  13 fights
[492/773] UFC Fight Night: Cowboy vs. Gaethje (2019-09-14)  12 fights
[493/773] UFC Fight Night: Rodriguez vs. Stephens (2019-09-21)  12 fights
[494/773] UFC Fight Night: Hermansson vs. Cannonier (2019-09-28)  13 fights
[495/773] UFC 243: Whittaker vs. Adesanya (2019-10-05)  11 fights
[496/773] UFC Fight Night: Joanna vs. Waterson (2019-10-12)  14 fights
[497/773] UFC Fight Night: Reyes vs. Weidman (2019-10-18)  13 fights
[498/773] UFC Fight Night: Maia vs. Askren (2019-10-26)  11 fights
[499/773] UFC 244: Masvidal vs. Diaz (2019-11-02)  12 fights
[500/773] UFC Fight Night: Zabit vs. Kattar (2019-11-09)  13 fights
[501/773] UFC Fight Night: Blachowicz vs. Jacare (2019-11-16)  12 fights
[502/773] UFC Fight Night: Overeem vs. Rozenstruik (2019-12-07)  12 fights
[503/773] UFC 245: Usman vs. Covington (2019-12-14)  13 fights
[504/773] UFC Fight Night: Edgar vs. The Korean Zombie (2019-12-21)  13 fights
[505/773] UFC 246: McGregor vs. Cowboy (2020-01-18)  11 fights
[506/773] UFC Fight Night: Blaydes vs. Dos Santos (2020-01-25)  12 fights
[507/773] UFC 247: Jones vs. Reyes (2020-02-08)  12 fights
[508/773] UFC Fight Night: Anderson vs. Blachowicz (2020-02-15)  13 fights
[509/773] UFC Fight Night: Felder vs. Hooker (2020-02-22)  12 fights
[510/773] UFC Fight Night: Benavidez vs. Figueiredo (2020-02-29)  12 fights
[511/773] UFC 248: Adesanya vs. Romero (2020-03-07)  11 fights
[512/773] UFC Fight Night: Lee vs. Oliveira (2020-03-14)  12 fights
[513/773] UFC 249: Ferguson vs. Gaethje (2020-05-09)  11 fights
[514/773] UFC Fight Night: Smith vs. Teixeira (2020-05-13)  10 fights
[515/773] UFC Fight Night: Overeem vs. Harris (2020-05-16)  11 fights
[516/773] UFC Fight Night: Woodley vs. Burns (2020-05-30)  11 fights
[517/773] UFC 250: Nunes vs. Spencer (2020-06-06)  12 fights
[518/773] UFC Fight Night: Eye vs. Calvillo (2020-06-13)  10 fights
[519/773] UFC Fight Night: Blaydes vs. Volkov (2020-06-20)  12 fights
[520/773] UFC Fight Night: Poirier vs. Hooker (2020-06-27)  10 fights
[521/773] UFC 251: Usman vs. Masvidal (2020-07-11)  13 fights
[522/773] UFC Fight Night: Kattar vs. Ige (2020-07-15)  11 fights
[523/773] UFC Fight Night: Figueiredo vs. Benavidez 2 (2020-07-18)  12 fights
[524/773] UFC Fight Night: Whittaker vs. Till (2020-07-25)  15 fights
[525/773] UFC Fight Night: Brunson vs. Shahbazyan (2020-08-01)  8 fights
[526/773] UFC Fight Night: Lewis vs. Oleinik (2020-08-08)  12 fights
[527/773] UFC 252: Miocic vs. Cormier 3 (2020-08-15)  11 fights
[528/773] UFC Fight Night: Munhoz vs. Edgar (2020-08-22)  9 fights
[529/773] UFC Fight Night: Smith vs. Rakic (2020-08-29)  10 fights
[530/773] UFC Fight Night: Overeem vs. Sakai (2020-09-05)  7 fights
[531/773] UFC Fight Night: Waterson vs. Hill (2020-09-12)  12 fights
[532/773] UFC Fight Night: Covington vs. Woodley (2020-09-19)  14 fights
[533/773] UFC 253: Adesanya vs. Costa (2020-09-26)  11 fights
[534/773] UFC Fight Night: Holm vs. Aldana (2020-10-03)  11 fights
[535/773] UFC Fight Night: Moraes vs. Sandhagen (2020-10-10)  13 fights
[536/773] UFC Fight Night: Ortega vs. The Korean Zombie (2020-10-17)  11 fights
[537/773] UFC 254: Khabib vs. Gaethje (2020-10-24)  12 fights
[538/773] UFC Fight Night: Hall vs. Silva (2020-10-31)  11 fights
[539/773] UFC Fight Night: Santos vs. Teixeira (2020-11-07)  10 fights
[540/773] UFC Fight Night: Felder vs. Dos Anjos (2020-11-14)  9 fights
[541/773] UFC 255: Figueiredo vs. Perez (2020-11-21)  12 fights
[542/773] UFC Fight Night: Smith vs. Clark (2020-11-28)  10 fights
[543/773] UFC Fight Night: Hermansson vs. Vettori (2020-12-05)  8 fights
[544/773] UFC 256: Figueiredo vs. Moreno (2020-12-12)  10 fights
[545/773] UFC Fight Night: Thompson vs. Neal (2020-12-19)  12 fights
[546/773] UFC Fight Night: Holloway vs. Kattar (2021-01-16)  10 fights
[547/773] UFC Fight Night: Chiesa vs. Magny (2021-01-20)  14 fights
[548/773] UFC 257: Poirier vs. McGregor (2021-01-23)  11 fights
[549/773] UFC Fight Night: Overeem vs. Volkov (2021-02-06)  12 fights
[550/773] UFC 258: Usman vs. Burns (2021-02-13)  10 fights
[551/773] UFC Fight Night: Blaydes vs. Lewis (2021-02-20)  12 fights
[552/773] UFC Fight Night: Rozenstruik vs. Gane (2021-02-27)  9 fights
[553/773] UFC 259: Blachowicz vs. Adesanya (2021-03-06)  15 fights
[554/773] UFC Fight Night: Edwards vs. Muhammad (2021-03-13)  13 fights
[555/773] UFC Fight Night: Brunson vs. Holland (2021-03-20)  10 fights
[556/773] UFC 260: Miocic vs. Ngannou (2021-03-27)  10 fights
[557/773] UFC Fight Night: Vettori vs. Holland (2021-04-10)  13 fights
[558/773] UFC Fight Night: Whittaker vs. Gastelum (2021-04-17)  10 fights
[559/773] UFC 261: Usman vs. Masvidal 2 (2021-04-24)  13 fights
[560/773] UFC Fight Night: Reyes vs. Prochazka (2021-05-01)  11 fights
[561/773] UFC Fight Night: Rodriguez vs. Waterson (2021-05-08)  9 fights
[562/773] UFC 262: Oliveira vs. Chandler (2021-05-15)  12 fights
[563/773] UFC Fight Night: Font vs. Garbrandt (2021-05-22)  12 fights
[564/773] UFC Fight Night: Rozenstruik vs. Sakai (2021-06-05)  13 fights
[565/773] UFC 263: Adesanya vs. Vettori 2 (2021-06-12)  14 fights
[566/773] UFC Fight Night: Jung vs. Ige (2021-06-19)  12 fights
[567/773] UFC Fight Night: Gane vs. Volkov (2021-06-26)  13 fights
[568/773] UFC 264: Poirier vs. McGregor 3 (2021-07-10)  12 fights
[569/773] UFC Fight Night: Makhachev vs. Moises (2021-07-17)  10 fights
[570/773] UFC Fight Night: Sandhagen vs. Dillashaw (2021-07-24)  11 fights
[571/773] UFC Fight Night: Hall vs. Strickland (2021-07-31)  10 fights
[572/773] UFC 265: Lewis vs. Gane (2021-08-07)  13 fights
[573/773] UFC Fight Night: Cannonier vs. Gastelum (2021-08-21)  12 fights
[574/773] UFC Fight Night: Barboza vs. Chikadze (2021-08-28)  12 fights
[575/773] UFC Fight Night: Brunson vs. Till (2021-09-04)  9 fights
[576/773] UFC Fight Night: Smith vs. Spann (2021-09-18)  14 fights
[577/773] UFC 266: Volkanovski vs. Ortega (2021-09-25)  13 fights
[578/773] UFC Fight Night: Santos vs. Walker (2021-10-02)  12 fights
[579/773] UFC Fight Night: Dern vs. Rodriguez (2021-10-09)  9 fights
[580/773] UFC Fight Night: Ladd vs. Dumont (2021-10-16)  10 fights
[581/773] UFC Fight Night: Costa vs. Vettori (2021-10-23)  14 fights
[582/773] UFC 267: Blachowicz vs. Teixeira (2021-10-30)  14 fights
[583/773] UFC 268: Usman vs. Covington 2 (2021-11-06)  14 fights
[584/773] UFC Fight Night: Holloway vs. Rodriguez (2021-11-13)  11 fights
[585/773] UFC Fight Night: Vieira vs. Tate (2021-11-20)  11 fights
[586/773] UFC Fight Night: Font vs. Aldo (2021-12-04)  13 fights
[587/773] UFC 269: Oliveira vs. Poirier (2021-12-11)  14 fights
[588/773] UFC Fight Night: Lewis vs. Daukaus (2021-12-18)  13 fights
[589/773] UFC Fight Night: Kattar vs. Chikadze (2022-01-15)  10 fights
[590/773] UFC 270: Ngannou vs. Gane (2022-01-22)  11 fights
[591/773] UFC Fight Night: Hermansson vs. Strickland (2022-02-05)  13 fights
[592/773] UFC 271: Adesanya vs. Whittaker 2 (2022-02-12)  14 fights
[593/773] UFC Fight Night: Walker vs. Hill (2022-02-19)  12 fights
[594/773] UFC Fight Night: Makhachev vs. Green (2022-02-26)  11 fights
[595/773] UFC 272: Covington vs. Masvidal (2022-03-05)  13 fights
[596/773] UFC Fight Night: Santos vs. Ankalaev (2022-03-12)  14 fights
[597/773] UFC Fight Night: Volkov vs. Aspinall (2022-03-19)  12 fights
[598/773] UFC Fight Night: Blaydes vs. Daukaus (2022-03-26)  12 fights
[599/773] UFC 273: Volkanovski vs. The Korean Zombie (2022-04-09)  12 fights
[600/773] UFC Fight Night: Luque vs. Muhammad (2022-04-16)  14 fights
[601/773] UFC Fight Night: Lemos vs. Andrade (2022-04-23)  11 fights
[602/773] UFC Fight Night: Font vs. Vera (2022-04-30)  11 fights
[603/773] UFC 274: Oliveira vs. Gaethje (2022-05-07)  14 fights
[604/773] UFC Fight Night: Blachowicz vs. Rakic (2022-05-14)  11 fights
[605/773] UFC Fight Night: Holm vs. Vieira (2022-05-21)  11 fights
[606/773] UFC Fight Night: Volkov vs. Rozenstruik (2022-06-04)  14 fights
[607/773] UFC 275: Teixeira vs. Prochazka (2022-06-11)  11 fights
[608/773] UFC Fight Night: Kattar vs. Emmett (2022-06-18)  13 fights
[609/773] UFC Fight Night: Tsarukyan vs. Gamrot (2022-06-25)  12 fights
[610/773] UFC 276: Adesanya vs. Cannonier (2022-07-02)  12 fights
[611/773] UFC Fight Night: Dos Anjos vs. Fiziev (2022-07-09)  11 fights
[612/773] UFC Fight Night: Ortega vs. Rodriguez (2022-07-16)  12 fights
[613/773] UFC Fight Night: Blaydes vs. Aspinall (2022-07-23)  14 fights
[614/773] UFC 277: Pena vs. Nunes 2 (2022-07-30)  13 fights
[615/773] UFC Fight Night: Santos vs. Hill (2022-08-06)  10 fights
[616/773] UFC Fight Night: Vera vs. Cruz (2022-08-13)  13 fights
[617/773] UFC 278: Usman vs. Edwards (2022-08-20)  12 fights
[618/773] UFC Fight Night: Gane vs. Tuivasa (2022-09-03)  12 fights
[619/773] UFC 279: Diaz vs. Ferguson (2022-09-10)  13 fights
[620/773] UFC Fight Night: Sandhagen vs. Song (2022-09-17)  13 fights
[621/773] UFC Fight Night: Dern vs. Yan (2022-10-01)  11 fights
[622/773] UFC Fight Night: Grasso vs. Araujo (2022-10-15)  11 fights
[623/773] UFC 280: Oliveira vs. Makhachev (2022-10-22)  12 fights
[624/773] UFC Fight Night: Kattar vs. Allen (2022-10-29)  11 fights
[625/773] UFC Fight Night: Rodriguez vs. Lemos (2022-11-05)  11 fights
[626/773] UFC 281: Adesanya vs. Pereira (2022-11-12)  14 fights
[627/773] UFC Fight Night: Nzechukwu vs. Cutelaba (2022-11-19)  11 fights
[628/773] UFC Fight Night: Thompson vs. Holland (2022-12-03)  14 fights
[629/773] UFC 282: Blachowicz vs. Ankalaev (2022-12-10)  12 fights
[630/773] UFC Fight Night: Cannonier vs. Strickland (2022-12-17)  13 fights
[631/773] UFC Fight Night: Strickland vs. Imavov (2023-01-14)  11 fights
[632/773] UFC 283: Teixeira vs. Hill (2023-01-21)  15 fights
[633/773] UFC Fight Night: Lewis vs. Spivac (2023-02-04)  11 fights
[634/773] UFC 284: Makhachev vs. Volkanovski (2023-02-11)  13 fights
[635/773] UFC Fight Night: Andrade vs. Blanchfield (2023-02-18)  11 fights
[636/773] UFC Fight Night: Muniz vs. Allen (2023-02-25)  10 fights
[637/773] UFC 285: Jones vs. Gane (2023-03-04)  14 fights
[638/773] UFC Fight Night: Yan vs. Dvalishvili (2023-03-11)  13 fights
[639/773] UFC 286: Edwards vs. Usman 3 (2023-03-18)  15 fights
[640/773] UFC Fight Night: Vera vs. Sandhagen (2023-03-25)  10 fights
[641/773] UFC 287: Pereira vs. Adesanya 2 (2023-04-08)  12 fights
[642/773] UFC Fight Night: Holloway vs. Allen (2023-04-15)  14 fights
[643/773] UFC Fight Night: Pavlovich vs. Blaydes (2023-04-22)  11 fights
[644/773] UFC Fight Night: Song vs. Simon (2023-04-29)  11 fights
[645/773] UFC 288: Sterling vs. Cejudo (2023-05-06)  12 fights
[646/773] UFC Fight Night: Rozenstruik vs. Almeida (2023-05-13)  11 fights
[647/773] UFC Fight Night: Dern vs. Hill (2023-05-20)  12 fights
[648/773] UFC Fight Night: Kara-France vs. Albazi (2023-06-03)  13 fights
[649/773] UFC 289: Nunes vs. Aldana (2023-06-10)  11 fights
[650/773] UFC Fight Night: Vettori vs. Cannonier (2023-06-17)  12 fights
[651/773] UFC Fight Night: Emmett vs. Topuria (2023-06-24)  13 fights
[652/773] UFC Fight Night: Strickland vs. Magomedov (2023-07-01)  12 fights
[653/773] UFC 290: Volkanovski vs. Rodriguez (2023-07-08)  13 fights
[654/773] UFC Fight Night: Holm vs. Bueno Silva (2023-07-15)  13 fights
[655/773] UFC Fight Night: Aspinall vs. Tybura (2023-07-22)  15 fights
[656/773] UFC 291: Poirier vs. Gaethje 2 (2023-07-29)  11 fights
[657/773] UFC Fight Night: Sandhagen vs. Font (2023-08-05)  12 fights
[658/773] UFC Fight Night: Luque vs. Dos Anjos (2023-08-12)  13 fights
[659/773] UFC 292: Sterling vs. O'Malley (2023-08-19)  12 fights
[660/773] UFC Fight Night: Holloway vs. The Korean Zombie (2023-08-26)  13 fights
[661/773] UFC Fight Night: Gane vs. Spivac (2023-09-02)  11 fights
[662/773] UFC 293: Adesanya vs. Strickland (2023-09-09)  12 fights
[663/773] UFC Fight Night: Grasso vs. Shevchenko 2 (2023-09-16)  11 fights
[664/773] UFC Fight Night: Fiziev vs. Gamrot (2023-09-23)  11 fights
[665/773] UFC Fight Night: Dawson vs. Green (2023-10-07)  10 fights
[666/773] UFC Fight Night: Yusuff vs. Barboza (2023-10-14)  11 fights
[667/773] UFC 294: Makhachev vs. Volkanovski 2 (2023-10-21)  13 fights
[668/773] UFC Fight Night: Almeida vs. Lewis (2023-11-04)  10 fights
[669/773] UFC 295: Prochazka vs. Pereira (2023-11-11)  13 fights
[670/773] UFC Fight Night: Allen vs. Craig (2023-11-18)  14 fights
[671/773] UFC Fight Night: Dariush vs. Tsarukyan (2023-12-02)  12 fights
[672/773] UFC Fight Night: Song vs. Gutierrez (2023-12-09)  11 fights
[673/773] UFC 296: Edwards vs. Covington (2023-12-16)  12 fights
[674/773] UFC Fight Night: Ankalaev vs. Walker 2 (2024-01-13)  11 fights
[675/773] UFC 297: Strickland vs. Du Plessis (2024-01-20)  12 fights
[676/773] UFC Fight Night: Dolidze vs. Imavov (2024-02-03)  13 fights
[677/773] UFC Fight Night: Hermansson vs. Pyfer (2024-02-10)  14 fights
[678/773] UFC 298: Volkanovski vs. Topuria (2024-02-17)  12 fights
[679/773] UFC Fight Night: Moreno vs. Royval 2 (2024-02-24)  12 fights
[680/773] UFC Fight Night: Rozenstruik vs. Gaziev (2024-03-02)  11 fights
[681/773] UFC 299: O'Malley vs. Vera 2 (2024-03-09)  14 fights
[682/773] UFC Fight Night: Tuivasa vs. Tybura (2024-03-16)  13 fights
[683/773] UFC Fight Night: Ribas vs. Namajunas (2024-03-23)  13 fights
[684/773] UFC Fight Night: Blanchfield vs. Fiorot (2024-03-30)  13 fights
[685/773] UFC Fight Night: Allen vs. Curtis 2 (2024-04-06)  12 fights
[686/773] UFC 300: Pereira vs. Hill (2024-04-13)  13 fights
[687/773] UFC Fight Night: Nicolau vs. Perez (2024-04-27)  13 fights
[688/773] UFC 301: Pantoja vs. Erceg (2024-05-04)  13 fights
[689/773] UFC Fight Night: Lewis vs. Nascimento (2024-05-11)  12 fights
[690/773] UFC Fight Night: Barboza vs. Murphy (2024-05-18)  12 fights
[691/773] UFC 302: Makhachev vs. Poirier (2024-06-01)  12 fights
[692/773] UFC Fight Night: Cannonier vs. Imavov (2024-06-08)  14 fights
[693/773] UFC Fight Night: Perez vs. Taira (2024-06-15)  11 fights
[694/773] UFC Fight Night: Whittaker vs. Aliskerov (2024-06-22)  11 fights
[695/773] UFC 303: Pereira vs. Prochazka 2 (2024-06-29)  13 fights
[696/773] UFC Fight Night: Namajunas vs. Cortez (2024-07-13)  12 fights
[697/773] UFC Fight Night: Lemos vs. Jandiroba (2024-07-20)  11 fights
[698/773] UFC 304: Edwards vs. Muhammad 2 (2024-07-27)  14 fights
[699/773] UFC Fight Night: Sandhagen vs. Nurmagomedov (2024-08-03)  13 fights
[700/773] UFC Fight Night: Tybura vs. Spivac 2 (2024-08-10)  10 fights
[701/773] UFC 305: Du Plessis vs. Adesanya (2024-08-17)  12 fights
[702/773] UFC Fight Night: Cannonier vs. Borralho (2024-08-24)  11 fights
[703/773] UFC Fight Night: Burns vs. Brady (2024-09-07)  12 fights
[704/773] UFC 306: Riyadh Season Noche UFC (2024-09-14)  10 fights
[705/773] UFC Fight Night: Moicano vs. Saint Denis (2024-09-28)  14 fights
[706/773] UFC 307: Pereira vs. Rountree Jr. (2024-10-05)  12 fights
[707/773] UFC Fight Night: Royval vs. Taira (2024-10-12)  12 fights
[708/773] UFC Fight Night: Hernandez vs. Pereira (2024-10-19)  11 fights
[709/773] UFC 308: Topuria vs. Holloway (2024-10-26)  13 fights
[710/773] UFC Fight Night: Moreno vs. Albazi (2024-11-02)  13 fights
[711/773] UFC Fight Night: Magny vs. Prates (2024-11-09)  11 fights
[712/773] UFC 309: Jones vs. Miocic (2024-11-16)  12 fights
[713/773] UFC Fight Night: Yan vs. Figueiredo (2024-11-23)  13 fights
[714/773] UFC 310: Pantoja vs. Asakura (2024-12-07)  14 fights
[715/773] UFC Fight Night: Covington vs. Buckley (2024-12-14)  13 fights
[716/773] UFC Fight Night: Dern vs. Ribas 2 (2025-01-11)  14 fights
[717/773] UFC 311: Makhachev vs. Moicano (2025-01-18)  13 fights
[718/773] UFC Fight Night: Adesanya vs. Imavov (2025-02-01)  11 fights
[719/773] UFC 312: Du Plessis vs. Strickland 2 (2025-02-08)  12 fights
[720/773] UFC Fight Night: Cannonier vs. Rodrigues (2025-02-15)  12 fights
[721/773] UFC Fight Night: Cejudo vs. Song (2025-02-22)  12 fights
[722/773] UFC Fight Night: Kape vs. Almabayev (2025-03-01)  10 fights
[723/773] UFC 313: Pereira vs. Ankalaev (2025-03-08)  10 fights
[724/773] UFC Fight Night: Vettori vs. Dolidze 2 (2025-03-15)  13 fights
[725/773] UFC Fight Night: Edwards vs. Brady (2025-03-22)  13 fights
[726/773] UFC Fight Night: Moreno vs. Erceg (2025-03-29)  12 fights
[727/773] UFC Fight Night: Emmett vs. Murphy (2025-04-05)  12 fights
[728/773] UFC 314: Volkanovski vs. Lopes (2025-04-12)  13 fights
[729/773] UFC Fight Night: Machado Garry vs. Prates (2025-04-26)  14 fights
[730/773] UFC Fight Night: Sandhagen vs. Figueiredo (2025-05-03)  12 fights
[731/773] UFC 315: Muhammad vs. Della Maddalena (2025-05-10)  12 fights
[732/773] UFC Fight Night: Burns vs. Morales (2025-05-17)  11 fights
[733/773] UFC Fight Night: Blanchfield vs. Barber (2025-05-31)  9 fights
[734/773] UFC 316: Dvalishvili vs. O'Malley 2 (2025-06-07)  13 fights
[735/773] UFC Fight Night: Usman vs. Buckley (2025-06-14)  13 fights
[736/773] UFC Fight Night: Hill vs. Rountree Jr. (2025-06-21)  12 fights
[737/773] UFC 317: Topuria vs. Oliveira (2025-06-28)  11 fights
[738/773] UFC Fight Night: Lewis vs. Teixeira (2025-07-12)  12 fights
[739/773] UFC 318: Holloway vs. Poirier 3 (2025-07-19)  14 fights
[740/773] UFC Fight Night: Whittaker vs. De Ridder (2025-07-26)  12 fights
[741/773] UFC Fight Night: Taira vs. Park (2025-08-02)  12 fights
[742/773] UFC Fight Night: Dolidze vs. Hernandez (2025-08-09)  12 fights
[743/773] UFC 319: Du Plessis vs. Chimaev (2025-08-16)  12 fights
[744/773] UFC - Road to UFC 4.6 (2025-08-22)  2 fights
[745/773] UFC Fight Night: Walker vs. Zhang (2025-08-23)  12 fights
[746/773] UFC Fight Night: Imavov vs. Borralho (2025-09-06)  13 fights
[747/773] UFC Fight Night: Lopes vs. Silva (2025-09-13)  14 fights
[748/773] UFC Fight Night: Ulberg vs. Reyes (2025-09-27)  12 fights
[749/773] UFC 320: Ankalaev vs. Pereira 2 (2025-10-04)  14 fights
[750/773] UFC Fight Night: Oliveira vs. Gamrot (2025-10-11)  12 fights
[751/773] UFC Fight Night: De Ridder vs. Allen (2025-10-18)  13 fights
[752/773] UFC 321: Aspinall vs. Gane (2025-10-25)  13 fights
[753/773] UFC Fight Night: Garcia vs. Onama (2025-11-01)  13 fights
[754/773] UFC Fight Night: Bonfim vs. Brown (2025-11-08)  12 fights
[755/773] UFC 322: Della Maddalena vs. Makhachev (2025-11-15)  14 fights
[756/773] UFC Fight Night: Tsarukyan vs. Hooker (2025-11-22)  14 fights
[757/773] UFC 323: Dvalishvili vs. Yan 2 (2025-12-06)  14 fights
[758/773] UFC Fight Night: Royval vs. Kape (2025-12-13)  12 fights
[759/773] UFC 324: Gaethje vs. Pimblett (2026-01-24)  11 fights
[760/773] UFC 325: Volkanovski vs. Lopes 2 (2026-01-31)  13 fights
[761/773] UFC Fight Night: Bautista vs. Oliveira (2026-02-07)  13 fights
[762/773] UFC Fight Night: Strickland vs. Hernandez (2026-02-21)  14 fights
[763/773] UFC Fight Night: Moreno vs. Kavanagh (2026-02-28)  13 fights
[764/773] UFC 326: Holloway vs. Oliveira 2 (2026-03-07)  12 fights
[765/773] UFC Fight Night: Emmett vs. Vallejos (2026-03-14)  14 fights
[766/773] UFC Fight Night: Evloev vs. Murphy (2026-03-21)  13 fights
[767/773] UFC Fight Night: Adesanya vs. Pyfer (2026-03-28)  13 fights
[768/773] UFC Fight Night: Moicano vs. Duncan (2026-04-04)  13 fights
[769/773] UFC 327: Prochazka vs. Ulberg (2026-04-11)  12 fights
[770/773] UFC Fight Night: Burns vs. Malott (2026-04-18)  12 fights
[771/773] UFC Fight Night: Sterling vs. Zalal (2026-04-25)  13 fights
[772/773] UFC Fight Night: Della Maddalena vs. Prates (2026-05-02)  13 fights
[773/773] UFC 328: Chimaev vs. Strickland (2026-05-09)  13 fights

Processing 8686 fights through Elo engine...
State saved: 2687 fighters, through 2026-05-09
Outputs written: leaderboard.csv, upset_index.csv, strength_of_schedule.csv

Done. Processed 8686 fights across 773 events.
Total fighters rated: 2687
